2026-09-25 00:03:54 | Loaded model 'GINsim-miR_204_GSDME_Pyroptosis_Lais': 31 nodes, 72 edges, input(s): DDR 
2026-09-25 00:03:54 | MODEL ALERT: DFNA5 = CASP3 and APOPTOSIS = CASP3 & !GSDME; without DFNA5 intervention, apoptosis is zero at a Boolean fixed point. 
2026-09-25 00:05:00 | DDR=1 | Unperturbed | exact fixed points: 3 | stochastic trajectories reaching a fixed point: 160/160 
2026-09-25 00:05:02 | DDR=1 | CASP3 OE + GSDME KO | exact fixed points: 3 | stochastic trajectories reaching a fixed point: 160/160 
2026-09-25 00:05:04 | DDR=1 | miR-204-5p OE + GSDME KO | exact fixed points: 2 | stochastic trajectories reaching a fixed point: 160/160 
2026-09-25 00:05:06 | DDR=1 | miR-204-5p OE + CASP3 KO | exact fixed points: 2 | stochastic trajectories reaching a fixed point: 160/160 
2026-09-25 00:05:09 | DDR=1 | SIRT1 KO + GSDME KO | exact fixed points: 2 | stochastic trajectories reaching a fixed point: 160/160 
2026-09-25 00:05:10 | DDR=1 | MALAT1 KO + GSDME KO | exact fixed points: 3 | stochastic trajectories reaching a fixed point: 160/160 
2026-09-25 00:05:11 | DDR=1 | GSDME OE | exact fixed points: 3 | stochastic trajectories reaching a fixed point: 160/160 
2026-09-25 00:05:13 | DDR=1 | GSDME KO | exact fixed points: 3 | stochastic trajectories reaching a fixed point: 160/160 
2026-09-25 00:05:14 | DDR=1 | CASP3 OE | exact fixed points: 3 | stochastic trajectories reaching a fixed point: 160/160 
2026-09-25 00:05:16 | DDR=1 | CASP3 KO | exact fixed points: 3 | stochastic trajectories reaching a fixed point: 160/160 
2026-09-25 00:05:17 | DDR=1 | SIRT1 OE | exact fixed points: 1 | stochastic trajectories reaching a fixed point: 160/160 
2026-09-25 00:05:20 | DDR=1 | SIRT1 KO | exact fixed points: 2 | stochastic trajectories reaching a fixed point: 160/160 
2026-09-25 00:05:22 | DDR=1 | MALAT1 OE | exact fixed points: 1 | stochastic trajectories reaching a fixed point: 160/160 
2026-09-25 00:05:23 | DDR=1 | MALAT1 KO | exact fixed points: 3 | stochastic trajectories reaching a fixed point: 160/160 
2026-09-25 00:05:25 | DDR=1 | miR-204-5p OE | exact fixed points: 2 | stochastic trajectories reaching a fixed point: 160/160 
2026-09-25 00:05:26 | DDR=1 | miR-204-5p KO | exact fixed points: 1 | stochastic trajectories reaching a fixed point: 160/160 
2026-09-25 00:05:28 | DDR=1 | GSDME E1 + CASP3 E1 | exact fixed points: 3 | stochastic trajectories reaching a fixed point: 160/160 
2026-09-25 00:05:29 | DDR=1 | p53 E1 + miR-204-5p E1 + CASP3 KO + p21 E1 | exact fixed points: 2 | stochastic trajectories reaching a fixed point: 160/160 
2026-09-25 00:05:30 | DDR=1 | MALAT1 E1 + miR-204-5p KO + SIRT1 E1 | exact fixed points: 1 | stochastic trajectories reaching a fixed point: 160/160 
2026-09-25 00:05:33 | DDR=1 | SIRT1 KO + GSDME KO + CASP3 E1 | exact fixed points: 2 | stochastic trajectories reaching a fixed point: 160/160 
2026-09-25 00:05:35 | DDR=1 | BAX E1 | exact fixed points: 4 | stochastic trajectories reaching a fixed point: 160/160 
2026-09-25 00:05:36 | DDR=1 | BAX E1 + GSDME KO | exact fixed points: 4 | stochastic trajectories reaching a fixed point: 160/160 
2026-09-25 00:05:38 | DDR=1 | p53 E1 | exact fixed points: 3 | stochastic trajectories reaching a fixed point: 160/160 
2026-09-25 00:05:39 | DDR=1 | p53 KO | exact fixed points: 1 | stochastic trajectories reaching a fixed point: 160/160 
2026-09-25 00:05:41 | DDR=1 | p21 E1 | exact fixed points: 4 | stochastic trajectories reaching a fixed point: 160/160 
2026-09-25 00:06:39 | Generic scRNA-seq module skipped: --no-demo used without --scrna 
2026-09-25 00:11:33 | Supplementary edge-correlation figure skipped: fewer than three evaluable edges; table 18 retained 
2026-09-25 00:11:33 | Multi-omics module skipped: --no-demo used without --multiomics 
2026-09-25 00:13:04 | Pipeline completed. Results: /home/usuario/Downloads/GSDME_switch_DDR_ON/resultados_finais_GSDME_seed_307 
2026-09-25 00:55:44 | Loaded model 'GINsim-miR_204_GSDME_Pyroptosis_Lais': 31 nodes, 72 edges, input(s): DDR 
2026-09-25 00:55:44 | MODEL ALERT: DFNA5 = CASP3 and APOPTOSIS = CASP3 & !GSDME; without DFNA5 intervention, apoptosis is zero at a Boolean fixed point. 
2026-09-25 00:56:52 | DDR=1 | Unperturbed | exact fixed points: 3 | stochastic trajectories reaching a fixed point: 160/160 
2026-09-25 00:56:54 | DDR=1 | CASP3 OE + GSDME KO | exact fixed points: 3 | stochastic trajectories reaching a fixed point: 160/160 
2026-09-25 00:56:56 | DDR=1 | miR-204-5p OE + GSDME KO | exact fixed points: 2 | stochastic trajectories reaching a fixed point: 160/160 
2026-09-25 00:56:57 | DDR=1 | miR-204-5p OE + CASP3 KO | exact fixed points: 2 | stochastic trajectories reaching a fixed point: 160/160 
2026-09-25 00:57:01 | DDR=1 | SIRT1 KO + GSDME KO | exact fixed points: 2 | stochastic trajectories reaching a fixed point: 160/160 
2026-09-25 00:57:02 | DDR=1 | MALAT1 KO + GSDME KO | exact fixed points: 3 | stochastic trajectories reaching a fixed point: 160/160 
2026-09-25 00:57:03 | DDR=1 | GSDME OE | exact fixed points: 3 | stochastic trajectories reaching a fixed point: 160/160 
2026-09-25 00:57:05 | DDR=1 | GSDME KO | exact fixed points: 3 | stochastic trajectories reaching a fixed point: 160/160 
2026-09-25 00:57:06 | DDR=1 | CASP3 OE | exact fixed points: 3 | stochastic trajectories reaching a fixed point: 160/160 
2026-09-25 00:57:07 | DDR=1 | CASP3 KO | exact fixed points: 3 | stochastic trajectories reaching a fixed point: 160/160 
2026-09-25 00:57:09 | DDR=1 | SIRT1 OE | exact fixed points: 1 | stochastic trajectories reaching a fixed point: 160/160 
2026-09-25 00:57:12 | DDR=1 | SIRT1 KO | exact fixed points: 2 | stochastic trajectories reaching a fixed point: 160/160 
2026-09-25 00:57:14 | DDR=1 | MALAT1 OE | exact fixed points: 1 | stochastic trajectories reaching a fixed point: 160/160 
2026-09-25 00:57:15 | DDR=1 | MALAT1 KO | exact fixed points: 3 | stochastic trajectories reaching a fixed point: 160/160 
2026-09-25 00:57:17 | DDR=1 | miR-204-5p OE | exact fixed points: 2 | stochastic trajectories reaching a fixed point: 160/160 
2026-09-25 00:57:18 | DDR=1 | miR-204-5p KO | exact fixed points: 1 | stochastic trajectories reaching a fixed point: 160/160 
2026-09-25 00:57:20 | DDR=1 | GSDME E1 + CASP3 E1 | exact fixed points: 3 | stochastic trajectories reaching a fixed point: 160/160 
2026-09-25 00:57:21 | DDR=1 | p53 E1 + miR-204-5p E1 + CASP3 KO + p21 E1 | exact fixed points: 2 | stochastic trajectories reaching a fixed point: 160/160 
2026-09-25 00:57:22 | DDR=1 | MALAT1 E1 + miR-204-5p KO + SIRT1 E1 | exact fixed points: 1 | stochastic trajectories reaching a fixed point: 160/160 
2026-09-25 00:57:25 | DDR=1 | SIRT1 KO + GSDME KO + CASP3 E1 | exact fixed points: 2 | stochastic trajectories reaching a fixed point: 160/160 
2026-09-25 00:57:27 | DDR=1 | BAX E1 | exact fixed points: 4 | stochastic trajectories reaching a fixed point: 160/160 
2026-09-25 00:57:28 | DDR=1 | BAX E1 + GSDME KO | exact fixed points: 4 | stochastic trajectories reaching a fixed point: 160/160 
2026-09-25 00:57:30 | DDR=1 | p53 E1 | exact fixed points: 3 | stochastic trajectories reaching a fixed point: 160/160 
2026-09-25 00:57:31 | DDR=1 | p53 KO | exact fixed points: 1 | stochastic trajectories reaching a fixed point: 160/160 
2026-09-25 00:57:33 | DDR=1 | p21 E1 | exact fixed points: 4 | stochastic trajectories reaching a fixed point: 160/160 
2026-09-25 00:58:29 | Generic scRNA-seq module skipped: --no-demo used without --scrna 
2026-09-25 01:03:18 | Supplementary edge-correlation figure skipped: fewer than three evaluable edges; table 18 retained 
2026-09-25 01:03:18 | Multi-omics module skipped: --no-demo used without --multiomics 
2026-09-25 01:04:50 | Pipeline completed. Results: /home/usuario/Downloads/GSDME_switch_DDR_ON/resultados_finais_GSDME_seed_307 
