2026-09-24 23:45:40 | Loaded model 'GINsim-miR_204_GSDME_Pyroptosis_Lais': 31 nodes, 72 edges, input(s): DDR 
2026-09-24 23:45:40 | MODEL ALERT: DFNA5 = CASP3 and APOPTOSIS = CASP3 & !GSDME; without DFNA5 intervention, apoptosis is zero at a Boolean fixed point. 
2026-09-24 23:46:45 | DDR=1 | Unperturbed | exact fixed points: 3 | stochastic trajectories reaching a fixed point: 160/160 
2026-09-24 23:46:46 | DDR=1 | CASP3 OE + GSDME KO | exact fixed points: 3 | stochastic trajectories reaching a fixed point: 160/160 
2026-09-24 23:46:48 | DDR=1 | miR-204-5p OE + GSDME KO | exact fixed points: 2 | stochastic trajectories reaching a fixed point: 160/160 
2026-09-24 23:46:50 | DDR=1 | miR-204-5p OE + CASP3 KO | exact fixed points: 2 | stochastic trajectories reaching a fixed point: 160/160 
2026-09-24 23:46:53 | DDR=1 | SIRT1 KO + GSDME KO | exact fixed points: 2 | stochastic trajectories reaching a fixed point: 160/160 
2026-09-24 23:46:54 | DDR=1 | MALAT1 KO + GSDME KO | exact fixed points: 3 | stochastic trajectories reaching a fixed point: 160/160 
2026-09-24 23:46:56 | DDR=1 | GSDME OE | exact fixed points: 3 | stochastic trajectories reaching a fixed point: 160/160 
2026-09-24 23:46:57 | DDR=1 | GSDME KO | exact fixed points: 3 | stochastic trajectories reaching a fixed point: 160/160 
2026-09-24 23:46:58 | DDR=1 | CASP3 OE | exact fixed points: 3 | stochastic trajectories reaching a fixed point: 160/160 
2026-09-24 23:47:00 | DDR=1 | CASP3 KO | exact fixed points: 3 | stochastic trajectories reaching a fixed point: 160/160 
2026-09-24 23:47:01 | DDR=1 | SIRT1 OE | exact fixed points: 1 | stochastic trajectories reaching a fixed point: 160/160 
2026-09-24 23:47:04 | DDR=1 | SIRT1 KO | exact fixed points: 2 | stochastic trajectories reaching a fixed point: 160/160 
2026-09-24 23:47:05 | DDR=1 | MALAT1 OE | exact fixed points: 1 | stochastic trajectories reaching a fixed point: 160/160 
2026-09-24 23:47:07 | DDR=1 | MALAT1 KO | exact fixed points: 3 | stochastic trajectories reaching a fixed point: 160/160 
2026-09-24 23:47:09 | DDR=1 | miR-204-5p OE | exact fixed points: 2 | stochastic trajectories reaching a fixed point: 160/160 
2026-09-24 23:47:10 | DDR=1 | miR-204-5p KO | exact fixed points: 1 | stochastic trajectories reaching a fixed point: 160/160 
2026-09-24 23:47:11 | DDR=1 | GSDME E1 + CASP3 E1 | exact fixed points: 3 | stochastic trajectories reaching a fixed point: 160/160 
2026-09-24 23:47:12 | DDR=1 | p53 E1 + miR-204-5p E1 + CASP3 KO + p21 E1 | exact fixed points: 2 | stochastic trajectories reaching a fixed point: 160/160 
2026-09-24 23:47:14 | DDR=1 | MALAT1 E1 + miR-204-5p KO + SIRT1 E1 | exact fixed points: 1 | stochastic trajectories reaching a fixed point: 160/160 
2026-09-24 23:47:17 | DDR=1 | SIRT1 KO + GSDME KO + CASP3 E1 | exact fixed points: 2 | stochastic trajectories reaching a fixed point: 160/160 
2026-09-24 23:47:18 | DDR=1 | BAX E1 | exact fixed points: 4 | stochastic trajectories reaching a fixed point: 160/160 
2026-09-24 23:47:19 | DDR=1 | BAX E1 + GSDME KO | exact fixed points: 4 | stochastic trajectories reaching a fixed point: 160/160 
2026-09-24 23:47:21 | DDR=1 | p53 E1 | exact fixed points: 3 | stochastic trajectories reaching a fixed point: 160/160 
2026-09-24 23:47:22 | DDR=1 | p53 KO | exact fixed points: 1 | stochastic trajectories reaching a fixed point: 160/160 
2026-09-24 23:47:24 | DDR=1 | p21 E1 | exact fixed points: 4 | stochastic trajectories reaching a fixed point: 160/160 
2026-09-24 23:47:42 | Generic scRNA-seq module skipped: --no-demo used without --scrna 
2026-09-24 23:52:23 | Supplementary edge-correlation figure skipped: fewer than three evaluable edges; table 18 retained 
2026-09-24 23:52:23 | Multi-omics module skipped: --no-demo used without --multiomics 
2026-09-24 23:53:56 | Pipeline completed. Results: /home/usuario/Downloads/GSDME_switch_DDR_ON/resultados_finais_GSDME_seed_204 
2026-09-25 00:47:11 | Loaded model 'GINsim-miR_204_GSDME_Pyroptosis_Lais': 31 nodes, 72 edges, input(s): DDR 
2026-09-25 00:47:11 | MODEL ALERT: DFNA5 = CASP3 and APOPTOSIS = CASP3 & !GSDME; without DFNA5 intervention, apoptosis is zero at a Boolean fixed point. 
2026-09-25 00:48:17 | DDR=1 | Unperturbed | exact fixed points: 3 | stochastic trajectories reaching a fixed point: 160/160 
2026-09-25 00:48:18 | DDR=1 | CASP3 OE + GSDME KO | exact fixed points: 3 | stochastic trajectories reaching a fixed point: 160/160 
2026-09-25 00:48:20 | DDR=1 | miR-204-5p OE + GSDME KO | exact fixed points: 2 | stochastic trajectories reaching a fixed point: 160/160 
2026-09-25 00:48:22 | DDR=1 | miR-204-5p OE + CASP3 KO | exact fixed points: 2 | stochastic trajectories reaching a fixed point: 160/160 
2026-09-25 00:48:25 | DDR=1 | SIRT1 KO + GSDME KO | exact fixed points: 2 | stochastic trajectories reaching a fixed point: 160/160 
2026-09-25 00:48:27 | DDR=1 | MALAT1 KO + GSDME KO | exact fixed points: 3 | stochastic trajectories reaching a fixed point: 160/160 
2026-09-25 00:48:28 | DDR=1 | GSDME OE | exact fixed points: 3 | stochastic trajectories reaching a fixed point: 160/160 
2026-09-25 00:48:29 | DDR=1 | GSDME KO | exact fixed points: 3 | stochastic trajectories reaching a fixed point: 160/160 
2026-09-25 00:48:31 | DDR=1 | CASP3 OE | exact fixed points: 3 | stochastic trajectories reaching a fixed point: 160/160 
2026-09-25 00:48:32 | DDR=1 | CASP3 KO | exact fixed points: 3 | stochastic trajectories reaching a fixed point: 160/160 
2026-09-25 00:48:33 | DDR=1 | SIRT1 OE | exact fixed points: 1 | stochastic trajectories reaching a fixed point: 160/160 
2026-09-25 00:48:36 | DDR=1 | SIRT1 KO | exact fixed points: 2 | stochastic trajectories reaching a fixed point: 160/160 
2026-09-25 00:48:38 | DDR=1 | MALAT1 OE | exact fixed points: 1 | stochastic trajectories reaching a fixed point: 160/160 
2026-09-25 00:48:39 | DDR=1 | MALAT1 KO | exact fixed points: 3 | stochastic trajectories reaching a fixed point: 160/160 
2026-09-25 00:48:41 | DDR=1 | miR-204-5p OE | exact fixed points: 2 | stochastic trajectories reaching a fixed point: 160/160 
2026-09-25 00:48:43 | DDR=1 | miR-204-5p KO | exact fixed points: 1 | stochastic trajectories reaching a fixed point: 160/160 
2026-09-25 00:48:44 | DDR=1 | GSDME E1 + CASP3 E1 | exact fixed points: 3 | stochastic trajectories reaching a fixed point: 160/160 
2026-09-25 00:48:45 | DDR=1 | p53 E1 + miR-204-5p E1 + CASP3 KO + p21 E1 | exact fixed points: 2 | stochastic trajectories reaching a fixed point: 160/160 
2026-09-25 00:48:46 | DDR=1 | MALAT1 E1 + miR-204-5p KO + SIRT1 E1 | exact fixed points: 1 | stochastic trajectories reaching a fixed point: 160/160 
2026-09-25 00:48:49 | DDR=1 | SIRT1 KO + GSDME KO + CASP3 E1 | exact fixed points: 2 | stochastic trajectories reaching a fixed point: 160/160 
2026-09-25 00:48:51 | DDR=1 | BAX E1 | exact fixed points: 4 | stochastic trajectories reaching a fixed point: 160/160 
2026-09-25 00:48:52 | DDR=1 | BAX E1 + GSDME KO | exact fixed points: 4 | stochastic trajectories reaching a fixed point: 160/160 
2026-09-25 00:48:53 | DDR=1 | p53 E1 | exact fixed points: 3 | stochastic trajectories reaching a fixed point: 160/160 
2026-09-25 00:48:55 | DDR=1 | p53 KO | exact fixed points: 1 | stochastic trajectories reaching a fixed point: 160/160 
2026-09-25 00:48:56 | DDR=1 | p21 E1 | exact fixed points: 4 | stochastic trajectories reaching a fixed point: 160/160 
2026-09-25 00:49:15 | Generic scRNA-seq module skipped: --no-demo used without --scrna 
2026-09-25 00:54:05 | Supplementary edge-correlation figure skipped: fewer than three evaluable edges; table 18 retained 
2026-09-25 00:54:05 | Multi-omics module skipped: --no-demo used without --multiomics 
2026-09-25 00:55:36 | Pipeline completed. Results: /home/usuario/Downloads/GSDME_switch_DDR_ON/resultados_finais_GSDME_seed_204 
