2026-09-25 00:23:19 | Loaded model 'GINsim-miR_204_GSDME_Pyroptosis_Lais': 31 nodes, 72 edges, input(s): DDR 
2026-09-25 00:23:19 | MODEL ALERT: DFNA5 = CASP3 and APOPTOSIS = CASP3 & !GSDME; without DFNA5 intervention, apoptosis is zero at a Boolean fixed point. 
2026-09-25 00:24:25 | DDR=1 | Unperturbed | exact fixed points: 3 | stochastic trajectories reaching a fixed point: 160/160 
2026-09-25 00:24:26 | DDR=1 | CASP3 OE + GSDME KO | exact fixed points: 3 | stochastic trajectories reaching a fixed point: 160/160 
2026-09-25 00:24:28 | DDR=1 | miR-204-5p OE + GSDME KO | exact fixed points: 2 | stochastic trajectories reaching a fixed point: 160/160 
2026-09-25 00:24:30 | DDR=1 | miR-204-5p OE + CASP3 KO | exact fixed points: 2 | stochastic trajectories reaching a fixed point: 160/160 
2026-09-25 00:24:33 | DDR=1 | SIRT1 KO + GSDME KO | exact fixed points: 2 | stochastic trajectories reaching a fixed point: 160/160 
2026-09-25 00:24:34 | DDR=1 | MALAT1 KO + GSDME KO | exact fixed points: 3 | stochastic trajectories reaching a fixed point: 160/160 
2026-09-25 00:24:36 | DDR=1 | GSDME OE | exact fixed points: 3 | stochastic trajectories reaching a fixed point: 160/160 
2026-09-25 00:24:37 | DDR=1 | GSDME KO | exact fixed points: 3 | stochastic trajectories reaching a fixed point: 160/160 
2026-09-25 00:24:38 | DDR=1 | CASP3 OE | exact fixed points: 3 | stochastic trajectories reaching a fixed point: 160/160 
2026-09-25 00:24:40 | DDR=1 | CASP3 KO | exact fixed points: 3 | stochastic trajectories reaching a fixed point: 160/160 
2026-09-25 00:24:41 | DDR=1 | SIRT1 OE | exact fixed points: 1 | stochastic trajectories reaching a fixed point: 160/160 
2026-09-25 00:24:45 | DDR=1 | SIRT1 KO | exact fixed points: 2 | stochastic trajectories reaching a fixed point: 160/160 
2026-09-25 00:24:46 | DDR=1 | MALAT1 OE | exact fixed points: 1 | stochastic trajectories reaching a fixed point: 160/160 
2026-09-25 00:24:48 | DDR=1 | MALAT1 KO | exact fixed points: 3 | stochastic trajectories reaching a fixed point: 160/160 
2026-09-25 00:24:49 | DDR=1 | miR-204-5p OE | exact fixed points: 2 | stochastic trajectories reaching a fixed point: 160/160 
2026-09-25 00:24:51 | DDR=1 | miR-204-5p KO | exact fixed points: 1 | stochastic trajectories reaching a fixed point: 160/160 
2026-09-25 00:24:52 | DDR=1 | GSDME E1 + CASP3 E1 | exact fixed points: 3 | stochastic trajectories reaching a fixed point: 160/160 
2026-09-25 00:24:53 | DDR=1 | p53 E1 + miR-204-5p E1 + CASP3 KO + p21 E1 | exact fixed points: 2 | stochastic trajectories reaching a fixed point: 160/160 
2026-09-25 00:24:54 | DDR=1 | MALAT1 E1 + miR-204-5p KO + SIRT1 E1 | exact fixed points: 1 | stochastic trajectories reaching a fixed point: 160/160 
2026-09-25 00:24:58 | DDR=1 | SIRT1 KO + GSDME KO + CASP3 E1 | exact fixed points: 2 | stochastic trajectories reaching a fixed point: 160/160 
2026-09-25 00:24:59 | DDR=1 | BAX E1 | exact fixed points: 4 | stochastic trajectories reaching a fixed point: 160/160 
2026-09-25 00:25:00 | DDR=1 | BAX E1 + GSDME KO | exact fixed points: 4 | stochastic trajectories reaching a fixed point: 160/160 
2026-09-25 00:25:02 | DDR=1 | p53 E1 | exact fixed points: 3 | stochastic trajectories reaching a fixed point: 160/160 
2026-09-25 00:25:03 | DDR=1 | p53 KO | exact fixed points: 1 | stochastic trajectories reaching a fixed point: 160/160 
2026-09-25 00:25:05 | DDR=1 | p21 E1 | exact fixed points: 4 | stochastic trajectories reaching a fixed point: 160/160 
2026-09-25 00:26:04 | Generic scRNA-seq module skipped: --no-demo used without --scrna 
2026-09-25 00:30:58 | Supplementary edge-correlation figure skipped: fewer than three evaluable edges; table 18 retained 
2026-09-25 00:30:58 | Multi-omics module skipped: --no-demo used without --multiomics 
2026-09-25 00:32:30 | Pipeline completed. Results: /home/usuario/Downloads/GSDME_switch_DDR_ON/resultados_finais_GSDME_seed_811 
