2026-09-25 00:13:41 | Loaded model 'GINsim-miR_204_GSDME_Pyroptosis_Lais': 31 nodes, 72 edges, input(s): DDR 
2026-09-25 00:13:41 | MODEL ALERT: DFNA5 = CASP3 and APOPTOSIS = CASP3 & !GSDME; without DFNA5 intervention, apoptosis is zero at a Boolean fixed point. 
2026-09-25 00:14:48 | DDR=1 | Unperturbed | exact fixed points: 3 | stochastic trajectories reaching a fixed point: 160/160 
2026-09-25 00:14:49 | DDR=1 | CASP3 OE + GSDME KO | exact fixed points: 3 | stochastic trajectories reaching a fixed point: 160/160 
2026-09-25 00:14:51 | DDR=1 | miR-204-5p OE + GSDME KO | exact fixed points: 2 | stochastic trajectories reaching a fixed point: 160/160 
2026-09-25 00:14:53 | DDR=1 | miR-204-5p OE + CASP3 KO | exact fixed points: 2 | stochastic trajectories reaching a fixed point: 160/160 
2026-09-25 00:14:57 | DDR=1 | SIRT1 KO + GSDME KO | exact fixed points: 2 | stochastic trajectories reaching a fixed point: 159/160 
2026-09-25 00:14:58 | DDR=1 | MALAT1 KO + GSDME KO | exact fixed points: 3 | stochastic trajectories reaching a fixed point: 160/160 
2026-09-25 00:14:59 | DDR=1 | GSDME OE | exact fixed points: 3 | stochastic trajectories reaching a fixed point: 160/160 
2026-09-25 00:15:01 | DDR=1 | GSDME KO | exact fixed points: 3 | stochastic trajectories reaching a fixed point: 160/160 
2026-09-25 00:15:02 | DDR=1 | CASP3 OE | exact fixed points: 3 | stochastic trajectories reaching a fixed point: 160/160 
2026-09-25 00:15:03 | DDR=1 | CASP3 KO | exact fixed points: 3 | stochastic trajectories reaching a fixed point: 160/160 
2026-09-25 00:15:04 | DDR=1 | SIRT1 OE | exact fixed points: 1 | stochastic trajectories reaching a fixed point: 160/160 
2026-09-25 00:15:08 | DDR=1 | SIRT1 KO | exact fixed points: 2 | stochastic trajectories reaching a fixed point: 160/160 
2026-09-25 00:15:09 | DDR=1 | MALAT1 OE | exact fixed points: 1 | stochastic trajectories reaching a fixed point: 160/160 
2026-09-25 00:15:11 | DDR=1 | MALAT1 KO | exact fixed points: 3 | stochastic trajectories reaching a fixed point: 160/160 
2026-09-25 00:15:13 | DDR=1 | miR-204-5p OE | exact fixed points: 2 | stochastic trajectories reaching a fixed point: 160/160 
2026-09-25 00:15:14 | DDR=1 | miR-204-5p KO | exact fixed points: 1 | stochastic trajectories reaching a fixed point: 160/160 
2026-09-25 00:15:15 | DDR=1 | GSDME E1 + CASP3 E1 | exact fixed points: 3 | stochastic trajectories reaching a fixed point: 160/160 
2026-09-25 00:15:16 | DDR=1 | p53 E1 + miR-204-5p E1 + CASP3 KO + p21 E1 | exact fixed points: 2 | stochastic trajectories reaching a fixed point: 160/160 
2026-09-25 00:15:18 | DDR=1 | MALAT1 E1 + miR-204-5p KO + SIRT1 E1 | exact fixed points: 1 | stochastic trajectories reaching a fixed point: 160/160 
2026-09-25 00:15:20 | DDR=1 | SIRT1 KO + GSDME KO + CASP3 E1 | exact fixed points: 2 | stochastic trajectories reaching a fixed point: 160/160 
2026-09-25 00:15:22 | DDR=1 | BAX E1 | exact fixed points: 4 | stochastic trajectories reaching a fixed point: 160/160 
2026-09-25 00:15:23 | DDR=1 | BAX E1 + GSDME KO | exact fixed points: 4 | stochastic trajectories reaching a fixed point: 160/160 
2026-09-25 00:15:25 | DDR=1 | p53 E1 | exact fixed points: 3 | stochastic trajectories reaching a fixed point: 160/160 
2026-09-25 00:15:26 | DDR=1 | p53 KO | exact fixed points: 1 | stochastic trajectories reaching a fixed point: 160/160 
2026-09-25 00:15:28 | DDR=1 | p21 E1 | exact fixed points: 4 | stochastic trajectories reaching a fixed point: 160/160 
2026-09-25 00:15:47 | Generic scRNA-seq module skipped: --no-demo used without --scrna 
2026-09-25 00:20:32 | Supplementary edge-correlation figure skipped: fewer than three evaluable edges; table 18 retained 
2026-09-25 00:20:32 | Multi-omics module skipped: --no-demo used without --multiomics 
2026-09-25 00:22:04 | Pipeline completed. Results: /home/usuario/Downloads/GSDME_switch_DDR_ON/resultados_finais_GSDME_seed_509 
2026-09-25 01:04:54 | Loaded model 'GINsim-miR_204_GSDME_Pyroptosis_Lais': 31 nodes, 72 edges, input(s): DDR 
2026-09-25 01:04:54 | MODEL ALERT: DFNA5 = CASP3 and APOPTOSIS = CASP3 & !GSDME; without DFNA5 intervention, apoptosis is zero at a Boolean fixed point. 
2026-09-25 01:06:02 | DDR=1 | Unperturbed | exact fixed points: 3 | stochastic trajectories reaching a fixed point: 160/160 
2026-09-25 01:06:04 | DDR=1 | CASP3 OE + GSDME KO | exact fixed points: 3 | stochastic trajectories reaching a fixed point: 160/160 
2026-09-25 01:06:06 | DDR=1 | miR-204-5p OE + GSDME KO | exact fixed points: 2 | stochastic trajectories reaching a fixed point: 160/160 
2026-09-25 01:06:08 | DDR=1 | miR-204-5p OE + CASP3 KO | exact fixed points: 2 | stochastic trajectories reaching a fixed point: 160/160 
2026-09-25 01:06:11 | DDR=1 | SIRT1 KO + GSDME KO | exact fixed points: 2 | stochastic trajectories reaching a fixed point: 159/160 
2026-09-25 01:06:13 | DDR=1 | MALAT1 KO + GSDME KO | exact fixed points: 3 | stochastic trajectories reaching a fixed point: 160/160 
2026-09-25 01:06:14 | DDR=1 | GSDME OE | exact fixed points: 3 | stochastic trajectories reaching a fixed point: 160/160 
2026-09-25 01:06:15 | DDR=1 | GSDME KO | exact fixed points: 3 | stochastic trajectories reaching a fixed point: 160/160 
2026-09-25 01:06:17 | DDR=1 | CASP3 OE | exact fixed points: 3 | stochastic trajectories reaching a fixed point: 160/160 
2026-09-25 01:06:18 | DDR=1 | CASP3 KO | exact fixed points: 3 | stochastic trajectories reaching a fixed point: 160/160 
2026-09-25 01:06:19 | DDR=1 | SIRT1 OE | exact fixed points: 1 | stochastic trajectories reaching a fixed point: 160/160 
2026-09-25 01:06:23 | DDR=1 | SIRT1 KO | exact fixed points: 2 | stochastic trajectories reaching a fixed point: 160/160 
2026-09-25 01:06:24 | DDR=1 | MALAT1 OE | exact fixed points: 1 | stochastic trajectories reaching a fixed point: 160/160 
2026-09-25 01:06:26 | DDR=1 | MALAT1 KO | exact fixed points: 3 | stochastic trajectories reaching a fixed point: 160/160 
2026-09-25 01:06:28 | DDR=1 | miR-204-5p OE | exact fixed points: 2 | stochastic trajectories reaching a fixed point: 160/160 
2026-09-25 01:06:29 | DDR=1 | miR-204-5p KO | exact fixed points: 1 | stochastic trajectories reaching a fixed point: 160/160 
2026-09-25 01:06:30 | DDR=1 | GSDME E1 + CASP3 E1 | exact fixed points: 3 | stochastic trajectories reaching a fixed point: 160/160 
2026-09-25 01:06:31 | DDR=1 | p53 E1 + miR-204-5p E1 + CASP3 KO + p21 E1 | exact fixed points: 2 | stochastic trajectories reaching a fixed point: 160/160 
2026-09-25 01:06:33 | DDR=1 | MALAT1 E1 + miR-204-5p KO + SIRT1 E1 | exact fixed points: 1 | stochastic trajectories reaching a fixed point: 160/160 
2026-09-25 01:06:35 | DDR=1 | SIRT1 KO + GSDME KO + CASP3 E1 | exact fixed points: 2 | stochastic trajectories reaching a fixed point: 160/160 
2026-09-25 01:06:37 | DDR=1 | BAX E1 | exact fixed points: 4 | stochastic trajectories reaching a fixed point: 160/160 
2026-09-25 01:06:38 | DDR=1 | BAX E1 + GSDME KO | exact fixed points: 4 | stochastic trajectories reaching a fixed point: 160/160 
2026-09-25 01:06:40 | DDR=1 | p53 E1 | exact fixed points: 3 | stochastic trajectories reaching a fixed point: 160/160 
2026-09-25 01:06:41 | DDR=1 | p53 KO | exact fixed points: 1 | stochastic trajectories reaching a fixed point: 160/160 
2026-09-25 01:06:43 | DDR=1 | p21 E1 | exact fixed points: 4 | stochastic trajectories reaching a fixed point: 160/160 
2026-09-25 01:07:02 | Generic scRNA-seq module skipped: --no-demo used without --scrna 
2026-09-25 01:11:48 | Supplementary edge-correlation figure skipped: fewer than three evaluable edges; table 18 retained 
2026-09-25 01:11:48 | Multi-omics module skipped: --no-demo used without --multiomics 
2026-09-25 01:13:20 | Pipeline completed. Results: /home/usuario/Downloads/GSDME_switch_DDR_ON/resultados_finais_GSDME_seed_509 
