2026-09-24 23:21:30 | Loaded model 'GINsim-miR_204_GSDME_Pyroptosis_Lais': 31 nodes, 72 edges, input(s): DDR 
2026-09-24 23:21:30 | MODEL ALERT: DFNA5 = CASP3 and APOPTOSIS = CASP3 & !GSDME; without DFNA5 intervention, apoptosis is zero at a Boolean fixed point. 
2026-09-24 23:22:36 | DDR=1 | Unperturbed | exact fixed points: 3 | stochastic trajectories reaching a fixed point: 160/160 
2026-09-24 23:22:37 | DDR=1 | CASP3 OE + GSDME KO | exact fixed points: 3 | stochastic trajectories reaching a fixed point: 160/160 
2026-09-24 23:22:39 | DDR=1 | miR-204-5p OE + GSDME KO | exact fixed points: 2 | stochastic trajectories reaching a fixed point: 160/160 
2026-09-24 23:22:41 | DDR=1 | miR-204-5p OE + CASP3 KO | exact fixed points: 2 | stochastic trajectories reaching a fixed point: 160/160 
2026-09-24 23:22:44 | DDR=1 | SIRT1 KO + GSDME KO | exact fixed points: 2 | stochastic trajectories reaching a fixed point: 160/160 
2026-09-24 23:22:45 | DDR=1 | MALAT1 KO + GSDME KO | exact fixed points: 3 | stochastic trajectories reaching a fixed point: 160/160 
2026-09-24 23:22:47 | DDR=1 | GSDME OE | exact fixed points: 3 | stochastic trajectories reaching a fixed point: 160/160 
2026-09-24 23:22:48 | DDR=1 | GSDME KO | exact fixed points: 3 | stochastic trajectories reaching a fixed point: 160/160 
2026-09-24 23:22:49 | DDR=1 | CASP3 OE | exact fixed points: 3 | stochastic trajectories reaching a fixed point: 160/160 
2026-09-24 23:22:50 | DDR=1 | CASP3 KO | exact fixed points: 3 | stochastic trajectories reaching a fixed point: 160/160 
2026-09-24 23:22:52 | DDR=1 | SIRT1 OE | exact fixed points: 1 | stochastic trajectories reaching a fixed point: 160/160 
2026-09-24 23:22:55 | DDR=1 | SIRT1 KO | exact fixed points: 2 | stochastic trajectories reaching a fixed point: 160/160 
2026-09-24 23:22:57 | DDR=1 | MALAT1 OE | exact fixed points: 1 | stochastic trajectories reaching a fixed point: 160/160 
2026-09-24 23:22:58 | DDR=1 | MALAT1 KO | exact fixed points: 3 | stochastic trajectories reaching a fixed point: 160/160 
2026-09-24 23:23:00 | DDR=1 | miR-204-5p OE | exact fixed points: 2 | stochastic trajectories reaching a fixed point: 160/160 
2026-09-24 23:23:01 | DDR=1 | miR-204-5p KO | exact fixed points: 1 | stochastic trajectories reaching a fixed point: 160/160 
2026-09-24 23:23:02 | DDR=1 | GSDME E1 + CASP3 E1 | exact fixed points: 3 | stochastic trajectories reaching a fixed point: 160/160 
2026-09-24 23:23:03 | DDR=1 | p53 E1 + miR-204-5p E1 + CASP3 KO + p21 E1 | exact fixed points: 2 | stochastic trajectories reaching a fixed point: 160/160 
2026-09-24 23:23:04 | DDR=1 | MALAT1 E1 + miR-204-5p KO + SIRT1 E1 | exact fixed points: 1 | stochastic trajectories reaching a fixed point: 160/160 
2026-09-24 23:23:07 | DDR=1 | SIRT1 KO + GSDME KO + CASP3 E1 | exact fixed points: 2 | stochastic trajectories reaching a fixed point: 160/160 
2026-09-24 23:23:09 | DDR=1 | BAX E1 | exact fixed points: 4 | stochastic trajectories reaching a fixed point: 160/160 
2026-09-24 23:23:10 | DDR=1 | BAX E1 + GSDME KO | exact fixed points: 4 | stochastic trajectories reaching a fixed point: 160/160 
2026-09-24 23:23:12 | DDR=1 | p53 E1 | exact fixed points: 3 | stochastic trajectories reaching a fixed point: 160/160 
2026-09-24 23:23:13 | DDR=1 | p53 KO | exact fixed points: 1 | stochastic trajectories reaching a fixed point: 160/160 
2026-09-24 23:23:14 | DDR=1 | p21 E1 | exact fixed points: 4 | stochastic trajectories reaching a fixed point: 160/160 
2026-09-24 23:24:10 | Generic scRNA-seq module skipped: --no-demo used without --scrna 
2026-09-24 23:24:10 | Downloading GSE125449: GSE125449_Set1_barcodes.tsv.gz attempt 1/5 
2026-09-24 23:24:12 | Downloading GSE125449: GSE125449_Set1_genes.tsv.gz attempt 1/5 
2026-09-24 23:24:13 | Downloading GSE125449: GSE125449_Set1_matrix.mtx.gz attempt 1/5 
2026-09-24 23:24:36 | Downloading GSE125449: GSE125449_Set1_samples.txt.gz attempt 1/5 
2026-09-24 23:24:36 | Downloading GSE125449: GSE125449_Set2_barcodes.tsv.gz attempt 1/5 
2026-09-24 23:24:37 | Downloading GSE125449: GSE125449_Set2_genes.tsv.gz attempt 1/5 
2026-09-24 23:24:38 | Downloading GSE125449: GSE125449_Set2_matrix.mtx.gz attempt 1/5 
2026-09-24 23:25:25 | Downloading GSE125449: GSE125449_Set2_samples.txt.gz attempt 1/5 
2026-09-24 23:25:25 | Downloading GSE189903: GSE189903_barcodes.tsv.gz attempt 1/5 
2026-09-24 23:25:27 | Downloading GSE189903: GSE189903_genes.tsv.gz attempt 1/5 
2026-09-24 23:25:27 | Downloading GSE189903: GSE189903_matrix.mtx.gz attempt 1/5 
2026-09-24 23:26:44 | Downloading GSE189903: GSE189903_Info.txt.gz attempt 1/5 
2026-09-24 23:34:47 | Supplementary edge-correlation figure skipped: fewer than three evaluable edges; table 18 retained 
2026-09-24 23:34:47 | Multi-omics module skipped: --no-demo used without --multiomics 
2026-09-24 23:37:33 | Pipeline completed. Results: /home/usuario/Downloads/GSDME_switch_DDR_ON/resultados_finais_GSDME_seed_101 
2026-09-25 00:37:35 | Loaded model 'GINsim-miR_204_GSDME_Pyroptosis_Lais': 31 nodes, 72 edges, input(s): DDR 
2026-09-25 00:37:35 | MODEL ALERT: DFNA5 = CASP3 and APOPTOSIS = CASP3 & !GSDME; without DFNA5 intervention, apoptosis is zero at a Boolean fixed point. 
2026-09-25 00:38:07 | Loaded model 'GINsim-miR_204_GSDME_Pyroptosis_Lais': 31 nodes, 72 edges, input(s): DDR 
2026-09-25 00:38:07 | MODEL ALERT: DFNA5 = CASP3 and APOPTOSIS = CASP3 & !GSDME; without DFNA5 intervention, apoptosis is zero at a Boolean fixed point. 
2026-09-25 00:39:13 | DDR=1 | Unperturbed | exact fixed points: 3 | stochastic trajectories reaching a fixed point: 160/160 
2026-09-25 00:39:15 | DDR=1 | CASP3 OE + GSDME KO | exact fixed points: 3 | stochastic trajectories reaching a fixed point: 160/160 
2026-09-25 00:39:16 | DDR=1 | miR-204-5p OE + GSDME KO | exact fixed points: 2 | stochastic trajectories reaching a fixed point: 160/160 
2026-09-25 00:39:18 | DDR=1 | miR-204-5p OE + CASP3 KO | exact fixed points: 2 | stochastic trajectories reaching a fixed point: 160/160 
2026-09-25 00:39:21 | DDR=1 | SIRT1 KO + GSDME KO | exact fixed points: 2 | stochastic trajectories reaching a fixed point: 160/160 
2026-09-25 00:39:22 | DDR=1 | MALAT1 KO + GSDME KO | exact fixed points: 3 | stochastic trajectories reaching a fixed point: 160/160 
2026-09-25 00:39:24 | DDR=1 | GSDME OE | exact fixed points: 3 | stochastic trajectories reaching a fixed point: 160/160 
2026-09-25 00:39:25 | DDR=1 | GSDME KO | exact fixed points: 3 | stochastic trajectories reaching a fixed point: 160/160 
2026-09-25 00:39:26 | DDR=1 | CASP3 OE | exact fixed points: 3 | stochastic trajectories reaching a fixed point: 160/160 
2026-09-25 00:39:28 | DDR=1 | CASP3 KO | exact fixed points: 3 | stochastic trajectories reaching a fixed point: 160/160 
2026-09-25 00:39:29 | DDR=1 | SIRT1 OE | exact fixed points: 1 | stochastic trajectories reaching a fixed point: 160/160 
2026-09-25 00:39:32 | DDR=1 | SIRT1 KO | exact fixed points: 2 | stochastic trajectories reaching a fixed point: 160/160 
2026-09-25 00:39:34 | DDR=1 | MALAT1 OE | exact fixed points: 1 | stochastic trajectories reaching a fixed point: 160/160 
2026-09-25 00:39:35 | DDR=1 | MALAT1 KO | exact fixed points: 3 | stochastic trajectories reaching a fixed point: 160/160 
2026-09-25 00:39:37 | DDR=1 | miR-204-5p OE | exact fixed points: 2 | stochastic trajectories reaching a fixed point: 160/160 
2026-09-25 00:39:38 | DDR=1 | miR-204-5p KO | exact fixed points: 1 | stochastic trajectories reaching a fixed point: 160/160 
2026-09-25 00:39:39 | DDR=1 | GSDME E1 + CASP3 E1 | exact fixed points: 3 | stochastic trajectories reaching a fixed point: 160/160 
2026-09-25 00:39:41 | DDR=1 | p53 E1 + miR-204-5p E1 + CASP3 KO + p21 E1 | exact fixed points: 2 | stochastic trajectories reaching a fixed point: 160/160 
2026-09-25 00:39:42 | DDR=1 | MALAT1 E1 + miR-204-5p KO + SIRT1 E1 | exact fixed points: 1 | stochastic trajectories reaching a fixed point: 160/160 
2026-09-25 00:39:45 | DDR=1 | SIRT1 KO + GSDME KO + CASP3 E1 | exact fixed points: 2 | stochastic trajectories reaching a fixed point: 160/160 
2026-09-25 00:39:46 | DDR=1 | BAX E1 | exact fixed points: 4 | stochastic trajectories reaching a fixed point: 160/160 
2026-09-25 00:39:47 | DDR=1 | BAX E1 + GSDME KO | exact fixed points: 4 | stochastic trajectories reaching a fixed point: 160/160 
2026-09-25 00:39:49 | DDR=1 | p53 E1 | exact fixed points: 3 | stochastic trajectories reaching a fixed point: 160/160 
2026-09-25 00:39:50 | DDR=1 | p53 KO | exact fixed points: 1 | stochastic trajectories reaching a fixed point: 160/160 
2026-09-25 00:39:52 | DDR=1 | p21 E1 | exact fixed points: 4 | stochastic trajectories reaching a fixed point: 160/160 
2026-09-25 00:40:47 | Generic scRNA-seq module skipped: --no-demo used without --scrna 
2026-09-25 00:45:36 | Supplementary edge-correlation figure skipped: fewer than three evaluable edges; table 18 retained 
2026-09-25 00:45:36 | Multi-omics module skipped: --no-demo used without --multiomics 
2026-09-25 00:47:07 | Pipeline completed. Results: /home/usuario/Downloads/GSDME_switch_DDR_ON/resultados_finais_GSDME_seed_101 
